<!DOCTYPE html>
<html>
<head>
    <meta charset="utf-8">
    <meta name="viewport" content="width=device-width, initial-scale=1">
    <title>Golden Website</title>
    <link rel="stylesheet" href="css/bootstrap.min.css" >
    <link rel="stylesheet" href="https://cdnjs.cloudflare.com/ajax/libs/font-awesome/6.3.0/css/all.min.css" integrity="sha512-SzlrxWUlpfuzQ+pcUCosxcglQRNAq/DZjVsC0lE40xsADsfeQoEypE+enwcOiGjk/bSuGGKHEyjSoQ1zVisanQ==" crossorigin="anonymous" referrerpolicy="no-referrer" />
    <link rel="stylesheet" href="https://cdnjs.cloudflare.com/ajax/libs/font-awesome/6.3.0/css/fontawesome.min.css" integrity="sha512-cHxvm20nkjOUySu7jdwiUxgGy11vuVPE9YeK89geLMLMMEOcKFyS2i+8wo0FOwyQO/bL8Bvq1KMsqK4bbOsPnA==" crossorigin="anonymous" referrerpolicy="no-referrer" />
    <link rel="stylesheet" type="text/css" href="style.css">
    <link rel="stylesheet" type="text/css" href="css/animate.css">

</head>
<body>

    <section class="stage1">
        <div class="container ">
            <div class="row">
                <nav class="navbar   navbar-dark fixed-top navbar-expand-md ">
                    <button class="navbar-toggler navbar-toggler-right " type="button" data-toggle="collapse" data-target="#navbarNav">
                        <span class="  navbar-toggler-icon "></span>
                    </button>
                    <a href="#" class="navbar-brand"><img width="75px" class="  logo navbar-brand" src="img/logo.png"></a>


                    <div class="collapse navbar-collapse navbar-expand-md justify-content-end" id="navbarNav">
                        <ul class="navbar-nav nav-pills ">
                            <li class="nav-item"><a href="#" class="nav-link ">Home</a></li>
                            <li class="nav-item"><a href="#stage2" class="nav-link ">Services</a></li> 
                            <li class="nav-item"><a href="#stage3" class="nav-link ">Portfolio</a></li>
                            <li class="nav-item"><a href="#stage4" class="nav-link ">About</a></li>
                            <li class="nav-item"><a href="#stage7" class="nav-link ">Contact</a></li>
                        </ul>
                    </div>
                </nav>
            </div>
            <div class="row text-center">
                <div class="col-sm-12">
                  <h1 class="stage1-h1 lead">Welcome To BMW</h1>
              </div>
              <div class="col-sm-12">
                  <h2 class="stage1-h2">Its Nice To Meet You</h2>
              </div>
              <div class="col-sm-12 mt-4">
                <a href="#"><button type="button" class="btn btn-primary btn-lg stage1-button" >TELL ME MORE</button></a>
            </div>
        </div>
    </div>
</section>

<section class="stage2" id="stage2">
  <div class="container">
      <div class="stage2-plan1 text-center wow fadeInUp" data-wow-duration="2s">
          <h3>SERVICES</h3>
          <p>Proin iaculis purus consequat sem cure</p>
      </div>
      <div class="stage2-plan2">
          <div class="row">
              <div class="col-sm-4 text-center wow fadeInLeft" data-wow-duration="2s">
                  <div class="icon">
                      <i class="fa-solid fa-car fa-3x  " style="color: #0066b3;"></i>
                  </div>
                  <h4>E-Commerce</h4>
                  <p>Lorem ipsum dolor sit amet, consectetur adipisicing elit, sed do eiusmod
                      tempor incididunt ut labore et dolore magna aliqua. Ut enim ad minim veniam,
                  </p>
              </div>
              <div class="col-sm-4 text-center wow fadeInUp" data-wow-duration="2s">
                  <div class="icon">
                      <i class="fa-solid fa-desktop fa-3x  " style="color: #0066b3;"></i>
                  </div>
                  <h4>Responsive Web</h4>
                  <p>Lorem ipsum dolor sit amet, consectetur adipisicing elit, sed do eiusmod
                      tempor incididunt ut labore et dolore magna aliqua. Ut enim ad minim veniam,
                  </p>
              </div>
              <div class="col-sm-4 text-center wow fadeInRight" data-wow-duration="2s">
                  <div class="icon">
                      <i class="fa-solid fa-lock fa-3x  " style="color: #0066b3;"></i>
                  </div>
                  <h4>Web Security</h4>
                  <p>Lorem ipsum dolor sit amet, consectetur adipisicing elit, sed do eiusmod
                      tempor incididunt ut labore et dolore magna aliqua. Ut enim ad minim veniam,
                  </p>
              </div>
          </div>
      </div>
  </div>
</section>

<section class="stage3" id="stage3">
  <div class="container">
      <div class="stage3-plan1 text-center">
        <h3>OUR DESIGN</h3>
        <p>Proin iaculis purus consequat sem cure</p>
    </div>
    <div class="stage3-plan2">
      <div class="row stage3-plan2-row">
          <div class="col-sm-4 mb-4">
              <div class="card">
                  <img class="card-img-top" src="img/card1.jpg">
                  <div class="card-body stage3-plan1-card-body ">
                      <h4 class="card-title"> BMW M4 F82 </h4>
                      <p class="card-text text-muted">Branding</p>
                  </div>
              </div>
          </div>
          <div class="col-sm-4 mb-4">
              <div class="card">
                  <img class="card-img-top" src="img/card2.jpg">
                  <div class="card-body stage3-plan1-card-body">
                      <h4 class="card-title"> BMW M3 E46 </h4>
                      <p class="card-text text-muted">Branding</p>
                  </div>
              </div>
          </div>
          <div class="col-sm-4 ">
              <div class="card">
                  <img class="card-img-top" src="img/card3.jpg">
                  <div class="card-body stage3-plan1-card-body">
                      <h4 class="card-title"> BMW M3 E36 </h4>
                      <p class="card-text text-muted">Branding</p>                  </div>
                  </div>
              </div>
          </div>

          <div class="row">
              <div class="col-sm-4 mb-4">
                  <div class="card">
                    <img class="card-img-top" src="img/card4.jpg">
                    <div class="card-body stage3-plan1-card-body">
                      <h4 class="card-title"> BMW M3 E30 </h4>
                      <p class="card-text text-muted">Branding</p>
                  </div>
              </div>
          </div>
          <div class="col-sm-4 mb-4">
              <div class="card">
                  <img class="card-img-top" src="img/card5.jpg">
                  <div class="card-body stage3-plan1-card-body">
                      <h4 class="card-title "> BMW 1974 OLD </h4>
                      <p class="card-text text-muted">Branding</p>
                  </div>
              </div>
          </div>
          <div class="col-sm-4 mb-4">
              <div class="card">
                  <img class="card-img-top" src="img/card6.jpeg">
                  <div class="card-body stage3-plan1-card-body">
                      <h4 class="card-title"> BMW M5 M50I </h4>
                      <p class="card-text text-muted">Branding</p>
                  </div>
              </div>
          </div>
      </div>
  </div>
</div>
</section>


<section class="stage4" id="stage4">
    <div class="container">
        <div class="stage4-plan1 text-center">
            <h3>ABOUT US</h3>
            <p>Proin iaculis purus consequat sem cure</p>
        </div>
        <div class="stage4-plan2 text-center">
            <div class="row">

                <div class="col-sm-4 ">
                    <img class="stage4-logo1" src="img/stage4-logo.jpg">
                </div>
                <div class="col-sm-4  text-right justify-content-end">
                    <h4>JULY 2010</h4>
                    <h4>Our humble Beginnings</h4>
                    <p>Lorem ipsum dolor sit amet, consectetur adipisicing elit, sed do eiusmod
                        tempor incididunt ut labore et dolore magna aliqua. Ut enim ad minim veniam,
                        quis nostrud exercitation ullamco laboris nisi ut aliquip ex ea commodo
                    consequat.</p>
                </div>

            </div>
            <div class="row">
                <div class="col-sm-4"></div>
                <div class="col-sm-4">
                    <img class="stage4-logo1" src="img/stage4-logo2.jpg">
                </div>
                <div class="col-sm-4 text-left">
                    <h4>JULY 2010</h4>
                    <h4>Our humble Beginnings</h4>
                    <p>Lorem ipsum dolor sit amet, consectetur adipisicing elit, sed do eiusmod
                        tempor incididunt ut labore et dolore magna aliqua. Ut enim ad minim veniam,
                        quis nostrud exercitation ullamco laboris nisi ut aliquip ex ea commodo
                    consequat.</p>
                </div>             
            </div>

            <div class="row">
                <div class="col-sm-4">
                    <img class="stage4-logo1" src="img/stage4-logo3.jpg">
                </div>
                <div class="col-sm-4 text-right">
                    <h4>JULY 2010</h4>
                    <h4>Our humble Beginnings</h4>
                    <p>Lorem ipsum dolor sit amet, consectetur adipisicing elit, sed do eiusmod
                        tempor incididunt ut labore et dolore magna aliqua. Ut enim ad minim veniam,
                        quis nostrud exercitation ullamco laboris nisi ut aliquip ex ea commodo
                    consequat.</p>
                </div>

            </div>

            <div class="row">
                <div class="col-sm-4 offset-sm-4">
                    <div class="stage4-about">
                        <p class="about-text">OUR <br> 
                            STORY <br>
                            CONTINUES <br>
                        ...</p>
                    </div>
                    
                </div>
            </div>

        </div>
    </div>
</section>

<section class="stage5">
    <div class="container">
        <div class="stage5-plan1 text-center">
            <h3>OUR AMAZING TEAM</h3>
            <p>Proin iaculis purus consequat sem cure</p>
        </div>
        <div class="stage5-plan2">
            <div class="row">
                <div class="col-sm-4 text-center">
                    <div class="stage5-logo"></div>
                    <h4>Kimberly Thompson</h4>
                    <h5>Marketer</h5>
                    <ul class="stage5-icons">
                        <li class="stage5-icon"><i class="fa-brands fa-twitter"></i></li>
                        <li class="stage5-icon"><i class="fa-brands fa-facebook"></i></li>
                        <li class="stage5-icon"><i class="fa-brands fa-pinterest"></i></li>
                        
                    </ul>
                </div>
                <div class="col-sm-4 text-center">
                    <div class="stage5-logo"></div>
                    <h4>Rico Massimo</h4>
                    <h5>Coder</h5>
                    <ul class="stage5-icons">
                        <li class="stage5-icon"><i class="fa-brands fa-twitter"></i></li>
                        <li class="stage5-icon"><i class="fa-brands fa-facebook"></i></li>
                        <li class="stage5-icon"><i class="fa-brands fa-pinterest"></i></li>
                        
                    </ul>
                </div>
                <div class="col-sm-4 text-center">
                    <div class="stage5-logo"></div>
                    <h4>Uku Mason</h4>
                    <h5>Graphic Designer</h5>
                    <ul class="stage5-icons">

                        <li class="stage5-icon"><i class="fa-brands fa-facebook"></i></li>
                        <li class="stage5-icon"><i class="fa-brands fa-pinterest"></i></li>
                        
                    </ul>
                </div>

            </div>

            <div class="row text-center">
                <p>Lorem ipsum dolor sit amet, consectetur adipisicing elit, sed do eiusmod tempor incididunt <br>
                ut labore et dolore magna aliqua. Ut enim ad minim veniam</p>
            </div>
        </div>
    </div>
</section>

<section class="stage6 ">
    <div class="container">
        <div class="row text-center">
            <div class="col-sm-3">
                <img width="200px" class="stage6-envato" src="img/stage6-envato.png">
            </div>
            <div class="col-sm-3">
                <img  width="200px" src="img/stage6-wordpress.png">
            </div>
            <div class="col-sm-3">
                <img width="200px" src="img/stage6-aetuts.png">
            </div>
            <div class="col-sm-3">
                <img width="200px" src="img/stage6-microlancer.png">
            </div>
        </div>
    </div>
</section>


<section class="stage7" id="stage7">
    <div class="container">
        <div class="stage7-plan1 text-center">
            <h3>CONTACT US</h3>
            <p>Proin iaculis purus consequat sem cure</p>
        </div>
        <div class="stage7-plan2">
            <form class="stage7-form" role="form" method="post">
                <div class="row">
                    <div class="col-sm-6">
                        <div class="stage7-form-elements">
                            <input type="text" class="stage7-form-element" name="name" placeholder="Your Name">
                        </div>
                        <div class="stage7-form-elements">
                            <input type="email" class="stage7-form-element"  name="email" placeholder="Your Email">
                        </div>
                        <div class="stage7-form-elements">
                            <input type="text" class="stage7-form-element" name="subject" placeholder="Subject">
                        </div>
                    </div>
                    <div class="col-sm-6">
                        <div class="stage7-form-elements">
                            <textarea class="stage7-form-element stage7-form-textarea" name="message" placeholder="Your Message"></textarea>
                        </div>
                    </div>
                </div>
                <div class="row justify-content-center">
                    <div class="stage7-form-elements" >
                        <input type="submit" name="submit" class="btn btn-primary btn-lg stage1-button" value="SEND MESSAGE" >
                    </div>
                </div>
            </form>
        </div>
    </div>
</section>


<footer class="footer">
    <div class="container">
        <div class="row">
            <div class="col-sm-4">
                <p> &copy; Copyright 2023 Bmw.com</p>
            </div>
            <div class="col-sm-4">
                <ul class="footer-social-icons text-center">
                    <li class="footer-social-icon">
                       <i class="fa-brands fa-twitter"></i>
                   </li>
                   <li class="footer-social-icon">
                    <i class="fa-brands fa-facebook"></i>
                </li>
                <li class="footer-social-icon">
                   <i class="fa-brands fa-pinterest"></i>
               </li>
               <li class="footer-social-icon">
                   <i class="fa-brands fa-google-plus"></i>
               </li>
           </ul>
       </div>
   </div>
</div>
</footer>


















<script src="js/jquery-3.6.3.min.js" ></script>
<script src="js/popper.js" ></script>
<script src="js/bootstrap.min.js" ></script>
<script  src="main.js"></script>
<script src="js/wow.js"></script>
<script >
    new WOW().init();
</script> 
</body>


</html>